info: Microsoft.EntityFrameworkCore.Migrations[20411]
      Acquiring an exclusive lock for migration application. See https://aka.ms/efcore-docs-migrations-lock for more information if this takes too long.
info: Microsoft.EntityFrameworkCore.Database.Command[20101]
      Executed DbCommand (1ms) [Parameters=[], CommandType='Text', CommandTimeout='30']
      SELECT COUNT(*) FROM "sqlite_master" WHERE "name" = '__EFMigrationsLock' AND "type" = 'table';
info: Microsoft.EntityFrameworkCore.Database.Command[20101]
      Executed DbCommand (8ms) [Parameters=[], CommandType='Text', CommandTimeout='30']
      CREATE TABLE IF NOT EXISTS "__EFMigrationsLock" (
          "Id" INTEGER NOT NULL CONSTRAINT "PK___EFMigrationsLock" PRIMARY KEY,
          "Timestamp" TEXT NOT NULL
      );
info: Microsoft.EntityFrameworkCore.Database.Command[20101]
      Executed DbCommand (5ms) [Parameters=[], CommandType='Text', CommandTimeout='30']
      INSERT OR IGNORE INTO "__EFMigrationsLock"("Id", "Timestamp") VALUES(1, '2026-04-13 04:59:45.2162071+00:00');
      SELECT changes();
info: Microsoft.EntityFrameworkCore.Database.Command[20101]
      Executed DbCommand (1ms) [Parameters=[], CommandType='Text', CommandTimeout='30']
      CREATE TABLE IF NOT EXISTS "__EFMigrationsHistory" (
          "MigrationId" TEXT NOT NULL CONSTRAINT "PK___EFMigrationsHistory" PRIMARY KEY,
          "ProductVersion" TEXT NOT NULL
      );
info: Microsoft.EntityFrameworkCore.Database.Command[20101]
      Executed DbCommand (0ms) [Parameters=[], CommandType='Text', CommandTimeout='30']
      SELECT COUNT(*) FROM "sqlite_master" WHERE "name" = '__EFMigrationsHistory' AND "type" = 'table';
info: Microsoft.EntityFrameworkCore.Database.Command[20101]
      Executed DbCommand (0ms) [Parameters=[], CommandType='Text', CommandTimeout='30']
      SELECT "MigrationId", "ProductVersion"
      FROM "__EFMigrationsHistory"
      ORDER BY "MigrationId";
info: Microsoft.EntityFrameworkCore.Migrations[20402]
      Applying migration '20260325090647_InitialCreate'.
info: Microsoft.EntityFrameworkCore.Database.Command[20101]
      Executed DbCommand (2ms) [Parameters=[], CommandType='Text', CommandTimeout='30']
      CREATE TABLE "Pois" (
          "Id" integer NOT NULL CONSTRAINT "PK_Pois" PRIMARY KEY,
          "Name" character varying(250) NOT NULL,
          "Description" text NULL,
          "Latitude" double precision NULL,
          "Longitude" double precision NULL
      );
info: Microsoft.EntityFrameworkCore.Database.Command[20101]
      Executed DbCommand (0ms) [Parameters=[], CommandType='Text', CommandTimeout='30']
      CREATE TABLE "Tours" (
          "Id" integer NOT NULL CONSTRAINT "PK_Tours" PRIMARY KEY,
          "Title" character varying(250) NOT NULL,
          "Description" text NULL
      );
info: Microsoft.EntityFrameworkCore.Database.Command[20101]
      Executed DbCommand (0ms) [Parameters=[], CommandType='Text', CommandTimeout='30']
      CREATE TABLE "TourStops" (
          "Id" integer NOT NULL CONSTRAINT "PK_TourStops" PRIMARY KEY,
          "TourId" integer NOT NULL,
          "PoiId" integer NOT NULL,
          "StopOrder" integer NOT NULL,
          CONSTRAINT "FK_TourStops_Pois_PoiId" FOREIGN KEY ("PoiId") REFERENCES "Pois" ("Id") ON DELETE CASCADE,
          CONSTRAINT "FK_TourStops_Tours_TourId" FOREIGN KEY ("TourId") REFERENCES "Tours" ("Id") ON DELETE CASCADE
      );
info: Microsoft.EntityFrameworkCore.Database.Command[20101]
      Executed DbCommand (0ms) [Parameters=[], CommandType='Text', CommandTimeout='30']
      CREATE INDEX "IX_TourStops_PoiId" ON "TourStops" ("PoiId");
info: Microsoft.EntityFrameworkCore.Database.Command[20101]
      Executed DbCommand (0ms) [Parameters=[], CommandType='Text', CommandTimeout='30']
      CREATE UNIQUE INDEX "IX_TourStops_TourId_StopOrder" ON "TourStops" ("TourId", "StopOrder");
info: Microsoft.EntityFrameworkCore.Database.Command[20101]
      Executed DbCommand (0ms) [Parameters=[], CommandType='Text', CommandTimeout='30']
      INSERT INTO "__EFMigrationsHistory" ("MigrationId", "ProductVersion")
      VALUES ('20260325090647_InitialCreate', '10.0.5');
info: Microsoft.EntityFrameworkCore.Migrations[20402]
      Applying migration '20260325115016_Part3_AllModels'.
warn: Microsoft.EntityFrameworkCore.Migrations[30200]
      An operation of type 'InsertDataOperation' will be attempted while a rebuild of table 'Pois' is pending. The database may not be in an expected state. Review the SQL generated by this migration to help diagnose any failures. Consider moving these operations to a subsequent migration.
warn: Microsoft.EntityFrameworkCore.Migrations[20410]
      The migration operation 'PRAGMA foreign_keys = 0;
      ' from migration 'Part3_AllModels' cannot be executed in a transaction. If the app is terminated or an unrecoverable error occurs while this operation is being executed then the migration will be left in a partially applied state and would need to be reverted manually before it can be applied again. Create a separate migration that contains just this operation.
info: Microsoft.EntityFrameworkCore.Database.Command[20101]
      Executed DbCommand (2ms) [Parameters=[], CommandType='Text', CommandTimeout='30']
      ALTER TABLE "Tours" RENAME COLUMN "Title" TO "Name";
info: Microsoft.EntityFrameworkCore.Database.Command[20101]
      Executed DbCommand (0ms) [Parameters=[], CommandType='Text', CommandTimeout='30']
      ALTER TABLE "TourStops" ADD "Note" text NULL;
info: Microsoft.EntityFrameworkCore.Database.Command[20101]
      Executed DbCommand (0ms) [Parameters=[], CommandType='Text', CommandTimeout='30']
      ALTER TABLE "TourStops" ADD "StayMinutes" integer NOT NULL DEFAULT 0;
info: Microsoft.EntityFrameworkCore.Database.Command[20101]
      Executed DbCommand (0ms) [Parameters=[], CommandType='Text', CommandTimeout='30']
      ALTER TABLE "Tours" ADD "CreatedAt" timestamp with time zone NOT NULL DEFAULT '0001-01-01 00:00:00';
info: Microsoft.EntityFrameworkCore.Database.Command[20101]
      Executed DbCommand (0ms) [Parameters=[], CommandType='Text', CommandTimeout='30']
      ALTER TABLE "Tours" ADD "EstimatedMinutes" integer NOT NULL DEFAULT 0;
info: Microsoft.EntityFrameworkCore.Database.Command[20101]
      Executed DbCommand (0ms) [Parameters=[], CommandType='Text', CommandTimeout='30']
      ALTER TABLE "Tours" ADD "IsActive" boolean NOT NULL DEFAULT 0;
info: Microsoft.EntityFrameworkCore.Database.Command[20101]
      Executed DbCommand (0ms) [Parameters=[], CommandType='Text', CommandTimeout='30']
      ALTER TABLE "Tours" ADD "ThumbnailUrl" text NULL;
info: Microsoft.EntityFrameworkCore.Database.Command[20101]
      Executed DbCommand (0ms) [Parameters=[], CommandType='Text', CommandTimeout='30']
      ALTER TABLE "Tours" ADD "UpdatedAt" timestamp with time zone NOT NULL DEFAULT '0001-01-01 00:00:00';
info: Microsoft.EntityFrameworkCore.Database.Command[20101]
      Executed DbCommand (0ms) [Parameters=[], CommandType='Text', CommandTimeout='30']
      ALTER TABLE "Pois" ADD "AudioViUrl" text NULL;
info: Microsoft.EntityFrameworkCore.Database.Command[20101]
      Executed DbCommand (0ms) [Parameters=[], CommandType='Text', CommandTimeout='30']
      ALTER TABLE "Pois" ADD "Category" integer NOT NULL DEFAULT 0;
info: Microsoft.EntityFrameworkCore.Database.Command[20101]
      Executed DbCommand (0ms) [Parameters=[], CommandType='Text', CommandTimeout='30']
      ALTER TABLE "Pois" ADD "CooldownSeconds" integer NOT NULL DEFAULT 0;
info: Microsoft.EntityFrameworkCore.Database.Command[20101]
      Executed DbCommand (0ms) [Parameters=[], CommandType='Text', CommandTimeout='30']
      ALTER TABLE "Pois" ADD "CreatedAt" timestamp with time zone NOT NULL DEFAULT '0001-01-01 00:00:00';
info: Microsoft.EntityFrameworkCore.Database.Command[20101]
      Executed DbCommand (0ms) [Parameters=[], CommandType='Text', CommandTimeout='30']
      ALTER TABLE "Pois" ADD "ImageUrl" text NULL;
info: Microsoft.EntityFrameworkCore.Database.Command[20101]
      Executed DbCommand (0ms) [Parameters=[], CommandType='Text', CommandTimeout='30']
      ALTER TABLE "Pois" ADD "IsActive" boolean NOT NULL DEFAULT 0;
info: Microsoft.EntityFrameworkCore.Database.Command[20101]
      Executed DbCommand (0ms) [Parameters=[], CommandType='Text', CommandTimeout='30']
      ALTER TABLE "Pois" ADD "MapX" double precision NOT NULL DEFAULT 0.0;
info: Microsoft.EntityFrameworkCore.Database.Command[20101]
      Executed DbCommand (0ms) [Parameters=[], CommandType='Text', CommandTimeout='30']
      ALTER TABLE "Pois" ADD "MapY" double precision NOT NULL DEFAULT 0.0;
info: Microsoft.EntityFrameworkCore.Database.Command[20101]
      Executed DbCommand (0ms) [Parameters=[], CommandType='Text', CommandTimeout='30']
      ALTER TABLE "Pois" ADD "OwnerInfo" text NULL;
info: Microsoft.EntityFrameworkCore.Database.Command[20101]
      Executed DbCommand (0ms) [Parameters=[], CommandType='Text', CommandTimeout='30']
      ALTER TABLE "Pois" ADD "Priority" integer NOT NULL DEFAULT 0;
info: Microsoft.EntityFrameworkCore.Database.Command[20101]
      Executed DbCommand (0ms) [Parameters=[], CommandType='Text', CommandTimeout='30']
      ALTER TABLE "Pois" ADD "TriggerRadiusMeters" double precision NOT NULL DEFAULT 0.0;
info: Microsoft.EntityFrameworkCore.Database.Command[20101]
      Executed DbCommand (0ms) [Parameters=[], CommandType='Text', CommandTimeout='30']
      ALTER TABLE "Pois" ADD "UpdatedAt" timestamp with time zone NOT NULL DEFAULT '0001-01-01 00:00:00';
info: Microsoft.EntityFrameworkCore.Database.Command[20101]
      Executed DbCommand (0ms) [Parameters=[], CommandType='Text', CommandTimeout='30']
      CREATE TABLE "AppHistoryLogs" (
          "Id" bigint NOT NULL CONSTRAINT "PK_AppHistoryLogs" PRIMARY KEY,
          "SessionId" text NOT NULL,
          "EventType" text NOT NULL,
          "PoiId" integer NULL,
          "TourId" integer NULL,
          "LanguageCode" text NOT NULL,
          "Payload" text NULL,
          "CreatedAt" timestamp with time zone NOT NULL
      );
info: Microsoft.EntityFrameworkCore.Database.Command[20101]
      Executed DbCommand (0ms) [Parameters=[], CommandType='Text', CommandTimeout='30']
      CREATE TABLE "AppUsers" (
          "Id" integer NOT NULL CONSTRAINT "PK_AppUsers" PRIMARY KEY,
          "Username" text NOT NULL,
          "PasswordHash" text NOT NULL,
          "Role" text NOT NULL,
          "IsActive" boolean NOT NULL,
          "OwnedPoiId" integer NULL,
          "CreatedAt" timestamp with time zone NOT NULL
      );
info: Microsoft.EntityFrameworkCore.Database.Command[20101]
      Executed DbCommand (0ms) [Parameters=[], CommandType='Text', CommandTimeout='30']
      CREATE TABLE "MovementLogs" (
          "Id" bigint NOT NULL CONSTRAINT "PK_MovementLogs" PRIMARY KEY,
          "SessionId" text NOT NULL,
          "Latitude" double precision NOT NULL,
          "Longitude" double precision NOT NULL,
          "AccuracyMeters" real NOT NULL,
          "RecordedAt" timestamp with time zone NOT NULL
      );
info: Microsoft.EntityFrameworkCore.Database.Command[20101]
      Executed DbCommand (0ms) [Parameters=[], CommandType='Text', CommandTimeout='30']
      CREATE TABLE "PoiTranslations" (
          "Id" integer NOT NULL CONSTRAINT "PK_PoiTranslations" PRIMARY KEY,
          "PoiId" integer NOT NULL,
          "LanguageCode" character varying(10) NOT NULL,
          "Name" character varying(250) NOT NULL,
          "Description" text NOT NULL,
          "AudioUrl" text NULL,
          CONSTRAINT "FK_PoiTranslations_Pois_PoiId" FOREIGN KEY ("PoiId") REFERENCES "Pois" ("Id") ON DELETE CASCADE
      );
info: Microsoft.EntityFrameworkCore.Database.Command[20101]
      Executed DbCommand (0ms) [Parameters=[], CommandType='Text', CommandTimeout='30']
      CREATE TABLE "PoiVisitLogs" (
          "Id" integer NOT NULL CONSTRAINT "PK_PoiVisitLogs" PRIMARY KEY,
          "PoiId" integer NOT NULL,
          "SessionId" text NOT NULL,
          "LanguageCode" character varying(10) NOT NULL,
          "TriggerType" character varying(10) NOT NULL,
          "VisitedAt" timestamp with time zone NOT NULL,
          "ListenDurationSeconds" integer NOT NULL,
          CONSTRAINT "FK_PoiVisitLogs_Pois_PoiId" FOREIGN KEY ("PoiId") REFERENCES "Pois" ("Id") ON DELETE CASCADE
      );
info: Microsoft.EntityFrameworkCore.Database.Command[20101]
      Executed DbCommand (0ms) [Parameters=[], CommandType='Text', CommandTimeout='30']
      CREATE TABLE "TourTranslations" (
          "Id" integer NOT NULL CONSTRAINT "PK_TourTranslations" PRIMARY KEY,
          "TourId" integer NOT NULL,
          "LanguageCode" character varying(10) NOT NULL,
          "Name" character varying(250) NOT NULL,
          "Description" text NOT NULL,
          CONSTRAINT "FK_TourTranslations_Tours_TourId" FOREIGN KEY ("TourId") REFERENCES "Tours" ("Id") ON DELETE CASCADE
      );
info: Microsoft.EntityFrameworkCore.Database.Command[20101]
      Executed DbCommand (0ms) [Parameters=[], CommandType='Text', CommandTimeout='30']
      INSERT INTO "Pois" ("Id", "AudioViUrl", "Category", "CooldownSeconds", "CreatedAt", "Description", "ImageUrl", "IsActive", "Latitude", "Longitude", "MapX", "MapY", "Name", "OwnerInfo", "Priority", "TriggerRadiusMeters", "UpdatedAt")
      VALUES (1, NULL, 0, 60, '2026-03-25 00:00:00', 'Com tam dac trung Sai Gon 30 nam.', NULL, 1, 10.7531, 106.678, 15.0, 40.0, 'Quan Com Tam Ba Ghien', NULL, 9, 15.0, '2026-03-25 00:00:00');
      SELECT changes();
      
      INSERT INTO "Pois" ("Id", "AudioViUrl", "Category", "CooldownSeconds", "CreatedAt", "Description", "ImageUrl", "IsActive", "Latitude", "Longitude", "MapX", "MapY", "Name", "OwnerInfo", "Priority", "TriggerRadiusMeters", "UpdatedAt")
      VALUES (2, NULL, 1, 60, '2026-03-25 00:00:00', 'Banh canh cua tuoi boc day, 40 nam.', NULL, 1, 10.753299999999999, 106.6781, 30.0, 40.0, 'Banh Canh Cua Ba Suong', NULL, 8, 15.0, '2026-03-25 00:00:00');
      SELECT changes();
      
      INSERT INTO "Pois" ("Id", "AudioViUrl", "Category", "CooldownSeconds", "CreatedAt", "Description", "ImageUrl", "IsActive", "Latitude", "Longitude", "MapX", "MapY", "Name", "OwnerInfo", "Priority", "TriggerRadiusMeters", "UpdatedAt")
      VALUES (3, NULL, 3, 120, '2026-03-25 00:00:00', 'Khu vuc tap trung hang che.', NULL, 1, 10.754, 106.6785, 75.0, 40.0, 'Khu Che Cuoi Pho', NULL, 5, 20.0, '2026-03-25 00:00:00');
      SELECT changes();
info: Microsoft.EntityFrameworkCore.Database.Command[20101]
      Executed DbCommand (0ms) [Parameters=[], CommandType='Text', CommandTimeout='30']
      INSERT INTO "Tours" ("Id", "CreatedAt", "Description", "EstimatedMinutes", "IsActive", "Name", "ThumbnailUrl", "UpdatedAt")
      VALUES (1, '2026-03-25 00:00:00', 'Com tam -> Banh canh -> Che', 60, 1, 'Tour Am Thuc 1 Gio Vinh Khanh', NULL, '2026-03-25 00:00:00');
      SELECT changes();
info: Microsoft.EntityFrameworkCore.Database.Command[20101]
      Executed DbCommand (0ms) [Parameters=[], CommandType='Text', CommandTimeout='30']
      INSERT INTO "TourStops" ("Id", "Note", "PoiId", "StayMinutes", "StopOrder", "TourId")
      VALUES (1, NULL, 1, 20, 1, 1);
      SELECT changes();
      
      INSERT INTO "TourStops" ("Id", "Note", "PoiId", "StayMinutes", "StopOrder", "TourId")
      VALUES (2, NULL, 2, 20, 2, 1);
      SELECT changes();
      
      INSERT INTO "TourStops" ("Id", "Note", "PoiId", "StayMinutes", "StopOrder", "TourId")
      VALUES (3, NULL, 3, 20, 3, 1);
      SELECT changes();
info: Microsoft.EntityFrameworkCore.Database.Command[20101]
      Executed DbCommand (0ms) [Parameters=[], CommandType='Text', CommandTimeout='30']
      CREATE INDEX "IX_Pois_Category" ON "Pois" ("Category");
info: Microsoft.EntityFrameworkCore.Database.Command[20101]
      Executed DbCommand (0ms) [Parameters=[], CommandType='Text', CommandTimeout='30']
      CREATE INDEX "IX_Pois_Latitude_Longitude" ON "Pois" ("Latitude", "Longitude");
info: Microsoft.EntityFrameworkCore.Database.Command[20101]
      Executed DbCommand (0ms) [Parameters=[], CommandType='Text', CommandTimeout='30']
      CREATE INDEX "IX_AppHistoryLogs_CreatedAt" ON "AppHistoryLogs" ("CreatedAt");
info: Microsoft.EntityFrameworkCore.Database.Command[20101]
      Executed DbCommand (0ms) [Parameters=[], CommandType='Text', CommandTimeout='30']
      CREATE INDEX "IX_AppHistoryLogs_EventType" ON "AppHistoryLogs" ("EventType");
info: Microsoft.EntityFrameworkCore.Database.Command[20101]
      Executed DbCommand (0ms) [Parameters=[], CommandType='Text', CommandTimeout='30']
      CREATE INDEX "IX_MovementLogs_RecordedAt" ON "MovementLogs" ("RecordedAt");
info: Microsoft.EntityFrameworkCore.Database.Command[20101]
      Executed DbCommand (0ms) [Parameters=[], CommandType='Text', CommandTimeout='30']
      CREATE INDEX "IX_MovementLogs_SessionId" ON "MovementLogs" ("SessionId");
info: Microsoft.EntityFrameworkCore.Database.Command[20101]
      Executed DbCommand (0ms) [Parameters=[], CommandType='Text', CommandTimeout='30']
      CREATE UNIQUE INDEX "IX_PoiTranslations_PoiId_LanguageCode" ON "PoiTranslations" ("PoiId", "LanguageCode");
info: Microsoft.EntityFrameworkCore.Database.Command[20101]
      Executed DbCommand (0ms) [Parameters=[], CommandType='Text', CommandTimeout='30']
      CREATE INDEX "IX_PoiVisitLogs_PoiId" ON "PoiVisitLogs" ("PoiId");
info: Microsoft.EntityFrameworkCore.Database.Command[20101]
      Executed DbCommand (0ms) [Parameters=[], CommandType='Text', CommandTimeout='30']
      CREATE INDEX "IX_PoiVisitLogs_VisitedAt" ON "PoiVisitLogs" ("VisitedAt");
info: Microsoft.EntityFrameworkCore.Database.Command[20101]
      Executed DbCommand (0ms) [Parameters=[], CommandType='Text', CommandTimeout='30']
      CREATE INDEX "IX_TourTranslations_TourId" ON "TourTranslations" ("TourId");
info: Microsoft.EntityFrameworkCore.Database.Command[20101]
      Executed DbCommand (0ms) [Parameters=[], CommandType='Text', CommandTimeout='30']
      CREATE TABLE "ef_temp_Pois" (
          "Id" integer NOT NULL CONSTRAINT "PK_Pois" PRIMARY KEY AUTOINCREMENT,
          "AudioViUrl" text NULL,
          "Category" integer NOT NULL,
          "CooldownSeconds" integer NOT NULL,
          "CreatedAt" timestamp with time zone NOT NULL,
          "Description" text NOT NULL,
          "ImageUrl" text NULL,
          "IsActive" boolean NOT NULL,
          "Latitude" double precision NOT NULL,
          "Longitude" double precision NOT NULL,
          "MapX" double precision NOT NULL,
          "MapY" double precision NOT NULL,
          "Name" character varying(250) NOT NULL,
          "OwnerInfo" text NULL,
          "Priority" integer NOT NULL,
          "TriggerRadiusMeters" double precision NOT NULL,
          "UpdatedAt" timestamp with time zone NOT NULL
      );
info: Microsoft.EntityFrameworkCore.Database.Command[20101]
      Executed DbCommand (0ms) [Parameters=[], CommandType='Text', CommandTimeout='30']
      INSERT INTO "ef_temp_Pois" ("Id", "AudioViUrl", "Category", "CooldownSeconds", "CreatedAt", "Description", "ImageUrl", "IsActive", "Latitude", "Longitude", "MapX", "MapY", "Name", "OwnerInfo", "Priority", "TriggerRadiusMeters", "UpdatedAt")
      SELECT "Id", "AudioViUrl", "Category", "CooldownSeconds", "CreatedAt", IFNULL("Description", ''), "ImageUrl", "IsActive", IFNULL("Latitude", 0.0), IFNULL("Longitude", 0.0), "MapX", "MapY", "Name", "OwnerInfo", "Priority", "TriggerRadiusMeters", "UpdatedAt"
      FROM "Pois";
info: Microsoft.EntityFrameworkCore.Database.Command[20101]
      Executed DbCommand (0ms) [Parameters=[], CommandType='Text', CommandTimeout='30']
      PRAGMA foreign_keys = 0;
info: Microsoft.EntityFrameworkCore.Database.Command[20101]
      Executed DbCommand (2ms) [Parameters=[], CommandType='Text', CommandTimeout='30']
      DROP TABLE "Pois";
info: Microsoft.EntityFrameworkCore.Database.Command[20101]
      Executed DbCommand (1ms) [Parameters=[], CommandType='Text', CommandTimeout='30']
      ALTER TABLE "ef_temp_Pois" RENAME TO "Pois";
info: Microsoft.EntityFrameworkCore.Database.Command[20101]
      Executed DbCommand (0ms) [Parameters=[], CommandType='Text', CommandTimeout='30']
      PRAGMA foreign_keys = 1;
info: Microsoft.EntityFrameworkCore.Database.Command[20101]
      Executed DbCommand (2ms) [Parameters=[], CommandType='Text', CommandTimeout='30']
      CREATE INDEX "IX_Pois_Category" ON "Pois" ("Category");
info: Microsoft.EntityFrameworkCore.Database.Command[20101]
      Executed DbCommand (0ms) [Parameters=[], CommandType='Text', CommandTimeout='30']
      CREATE INDEX "IX_Pois_Latitude_Longitude" ON "Pois" ("Latitude", "Longitude");
info: Microsoft.EntityFrameworkCore.Database.Command[20101]
      Executed DbCommand (6ms) [Parameters=[], CommandType='Text', CommandTimeout='30']
      INSERT INTO "__EFMigrationsHistory" ("MigrationId", "ProductVersion")
      VALUES ('20260325115016_Part3_AllModels', '10.0.5');
info: Microsoft.EntityFrameworkCore.Migrations[20402]
      Applying migration '20260325225736_AddPoiQrCodeAndIndexes'.
warn: Microsoft.EntityFrameworkCore.Migrations[30200]
      An operation of type 'SqlOperation' will be attempted while a rebuild of table 'PoiVisitLogs' is pending. The database may not be in an expected state. Review the SQL generated by this migration to help diagnose any failures. Consider moving these operations to a subsequent migration.
warn: Microsoft.EntityFrameworkCore.Migrations[20410]
      The migration operation 'PRAGMA foreign_keys = 0;
      ' from migration 'AddPoiQrCodeAndIndexes' cannot be executed in a transaction. If the app is terminated or an unrecoverable error occurs while this operation is being executed then the migration will be left in a partially applied state and would need to be reverted manually before it can be applied again. Create a separate migration that contains just this operation.
info: Microsoft.EntityFrameworkCore.Database.Command[20101]
      Executed DbCommand (1ms) [Parameters=[], CommandType='Text', CommandTimeout='30']
      ALTER TABLE "Pois" ADD "ContentVersion" integer NOT NULL DEFAULT 0;
info: Microsoft.EntityFrameworkCore.Database.Command[20101]
      Executed DbCommand (0ms) [Parameters=[], CommandType='Text', CommandTimeout='30']
      ALTER TABLE "Pois" ADD "QrCode" character varying(64) NULL;
info: Microsoft.EntityFrameworkCore.Database.Command[20101]
      Executed DbCommand (0ms) [Parameters=[], CommandType='Text', CommandTimeout='30']
      UPDATE "Pois" SET "ContentVersion" = 1, "QrCode" = 'VK-POI-001'
      WHERE "Id" = 1;
      SELECT changes();
info: Microsoft.EntityFrameworkCore.Database.Command[20101]
      Executed DbCommand (0ms) [Parameters=[], CommandType='Text', CommandTimeout='30']
      UPDATE "Pois" SET "ContentVersion" = 1, "QrCode" = 'VK-POI-002'
      WHERE "Id" = 2;
      SELECT changes();
info: Microsoft.EntityFrameworkCore.Database.Command[20101]
      Executed DbCommand (0ms) [Parameters=[], CommandType='Text', CommandTimeout='30']
      UPDATE "Pois" SET "ContentVersion" = 1, "QrCode" = 'VK-POI-003'
      WHERE "Id" = 3;
      SELECT changes();
info: Microsoft.EntityFrameworkCore.Database.Command[20101]
      Executed DbCommand (0ms) [Parameters=[], CommandType='Text', CommandTimeout='30']
      UPDATE "Pois" SET "ContentVersion" = 1 WHERE "ContentVersion" = 0;
info: Microsoft.EntityFrameworkCore.Database.Command[20101]
      Executed DbCommand (0ms) [Parameters=[], CommandType='Text', CommandTimeout='30']
      CREATE INDEX "IX_Pois_ContentVersion" ON "Pois" ("ContentVersion");
info: Microsoft.EntityFrameworkCore.Database.Command[20101]
      Executed DbCommand (0ms) [Parameters=[], CommandType='Text', CommandTimeout='30']
      CREATE UNIQUE INDEX "IX_Pois_QrCode" ON "Pois" ("QrCode") WHERE "QrCode" IS NOT NULL;
info: Microsoft.EntityFrameworkCore.Database.Command[20101]
      Executed DbCommand (0ms) [Parameters=[], CommandType='Text', CommandTimeout='30']
      CREATE UNIQUE INDEX "IX_AppUsers_Username" ON "AppUsers" ("Username");
info: Microsoft.EntityFrameworkCore.Database.Command[20101]
      Executed DbCommand (0ms) [Parameters=[], CommandType='Text', CommandTimeout='30']
      CREATE TABLE "ef_temp_PoiVisitLogs" (
          "Id" integer NOT NULL CONSTRAINT "PK_PoiVisitLogs" PRIMARY KEY AUTOINCREMENT,
          "LanguageCode" character varying(10) NOT NULL,
          "ListenDurationSeconds" integer NOT NULL,
          "PoiId" integer NOT NULL,
          "SessionId" text NOT NULL,
          "TriggerType" character varying(32) NOT NULL,
          "VisitedAt" timestamp with time zone NOT NULL,
          CONSTRAINT "FK_PoiVisitLogs_Pois_PoiId" FOREIGN KEY ("PoiId") REFERENCES "Pois" ("Id") ON DELETE CASCADE
      );
info: Microsoft.EntityFrameworkCore.Database.Command[20101]
      Executed DbCommand (0ms) [Parameters=[], CommandType='Text', CommandTimeout='30']
      INSERT INTO "ef_temp_PoiVisitLogs" ("Id", "LanguageCode", "ListenDurationSeconds", "PoiId", "SessionId", "TriggerType", "VisitedAt")
      SELECT "Id", "LanguageCode", "ListenDurationSeconds", "PoiId", "SessionId", "TriggerType", "VisitedAt"
      FROM "PoiVisitLogs";
info: Microsoft.EntityFrameworkCore.Database.Command[20101]
      Executed DbCommand (0ms) [Parameters=[], CommandType='Text', CommandTimeout='30']
      PRAGMA foreign_keys = 0;
info: Microsoft.EntityFrameworkCore.Database.Command[20101]
      Executed DbCommand (1ms) [Parameters=[], CommandType='Text', CommandTimeout='30']
      DROP TABLE "PoiVisitLogs";
info: Microsoft.EntityFrameworkCore.Database.Command[20101]
      Executed DbCommand (1ms) [Parameters=[], CommandType='Text', CommandTimeout='30']
      ALTER TABLE "ef_temp_PoiVisitLogs" RENAME TO "PoiVisitLogs";
info: Microsoft.EntityFrameworkCore.Database.Command[20101]
      Executed DbCommand (0ms) [Parameters=[], CommandType='Text', CommandTimeout='30']
      PRAGMA foreign_keys = 1;
info: Microsoft.EntityFrameworkCore.Database.Command[20101]
      Executed DbCommand (1ms) [Parameters=[], CommandType='Text', CommandTimeout='30']
      CREATE INDEX "IX_PoiVisitLogs_PoiId" ON "PoiVisitLogs" ("PoiId");
info: Microsoft.EntityFrameworkCore.Database.Command[20101]
      Executed DbCommand (0ms) [Parameters=[], CommandType='Text', CommandTimeout='30']
      CREATE INDEX "IX_PoiVisitLogs_VisitedAt" ON "PoiVisitLogs" ("VisitedAt");
info: Microsoft.EntityFrameworkCore.Database.Command[20101]
      Executed DbCommand (5ms) [Parameters=[], CommandType='Text', CommandTimeout='30']
      INSERT INTO "__EFMigrationsHistory" ("MigrationId", "ProductVersion")
      VALUES ('20260325225736_AddPoiQrCodeAndIndexes', '10.0.5');
info: Microsoft.EntityFrameworkCore.Migrations[20402]
      Applying migration '20260403142224_AddOriginalDescriptionToPoiTranslation'.
info: Microsoft.EntityFrameworkCore.Database.Command[20101]
      Executed DbCommand (2ms) [Parameters=[], CommandType='Text', CommandTimeout='30']
      ALTER TABLE "PoiTranslations" ADD "OriginalDescription" text NOT NULL DEFAULT '';
info: Microsoft.EntityFrameworkCore.Database.Command[20101]
      Executed DbCommand (0ms) [Parameters=[], CommandType='Text', CommandTimeout='30']
      INSERT INTO "AppUsers" ("Id", "CreatedAt", "IsActive", "OwnedPoiId", "PasswordHash", "Role", "Username")
      VALUES (1, '2026-03-25 00:00:00', 1, NULL, '$2a$11$PBSPXvfmAZ.W8yyJfGlYOOqiMEgPBBCJOmYDGrqp8qJW3nDEFU.hm', 'Admin', 'admin');
      SELECT changes();
info: Microsoft.EntityFrameworkCore.Database.Command[20101]
      Executed DbCommand (0ms) [Parameters=[], CommandType='Text', CommandTimeout='30']
      INSERT INTO "__EFMigrationsHistory" ("MigrationId", "ProductVersion")
      VALUES ('20260403142224_AddOriginalDescriptionToPoiTranslation', '10.0.5');
info: Microsoft.EntityFrameworkCore.Migrations[20402]
      Applying migration '20260406195317_AddOwnerIdToPoi'.
warn: Microsoft.EntityFrameworkCore.Migrations[20410]
      The migration operation 'PRAGMA foreign_keys = 0;
      ' from migration 'AddOwnerIdToPoi' cannot be executed in a transaction. If the app is terminated or an unrecoverable error occurs while this operation is being executed then the migration will be left in a partially applied state and would need to be reverted manually before it can be applied again. Create a separate migration that contains just this operation.
info: Microsoft.EntityFrameworkCore.Database.Command[20101]
      Executed DbCommand (1ms) [Parameters=[], CommandType='Text', CommandTimeout='30']
      ALTER TABLE "Pois" ADD "OwnerUserId" integer NULL;
info: Microsoft.EntityFrameworkCore.Database.Command[20101]
      Executed DbCommand (0ms) [Parameters=[], CommandType='Text', CommandTimeout='30']
      UPDATE "Pois" SET "OwnerUserId" = NULL
      WHERE "Id" = 1;
      SELECT changes();
info: Microsoft.EntityFrameworkCore.Database.Command[20101]
      Executed DbCommand (0ms) [Parameters=[], CommandType='Text', CommandTimeout='30']
      UPDATE "Pois" SET "OwnerUserId" = NULL
      WHERE "Id" = 2;
      SELECT changes();
info: Microsoft.EntityFrameworkCore.Database.Command[20101]
      Executed DbCommand (0ms) [Parameters=[], CommandType='Text', CommandTimeout='30']
      UPDATE "Pois" SET "OwnerUserId" = NULL
      WHERE "Id" = 3;
      SELECT changes();
info: Microsoft.EntityFrameworkCore.Database.Command[20101]
      Executed DbCommand (0ms) [Parameters=[], CommandType='Text', CommandTimeout='30']
      CREATE INDEX "IX_Pois_OwnerUserId" ON "Pois" ("OwnerUserId");
info: Microsoft.EntityFrameworkCore.Database.Command[20101]
      Executed DbCommand (0ms) [Parameters=[], CommandType='Text', CommandTimeout='30']
      CREATE TABLE "ef_temp_AppUsers" (
          "Id" integer NOT NULL CONSTRAINT "PK_AppUsers" PRIMARY KEY AUTOINCREMENT,
          "CreatedAt" timestamp with time zone NOT NULL,
          "IsActive" boolean NOT NULL,
          "PasswordHash" text NOT NULL,
          "Role" text NOT NULL,
          "Username" text NOT NULL
      );
info: Microsoft.EntityFrameworkCore.Database.Command[20101]
      Executed DbCommand (0ms) [Parameters=[], CommandType='Text', CommandTimeout='30']
      INSERT INTO "ef_temp_AppUsers" ("Id", "CreatedAt", "IsActive", "PasswordHash", "Role", "Username")
      SELECT "Id", "CreatedAt", "IsActive", "PasswordHash", "Role", "Username"
      FROM "AppUsers";
info: Microsoft.EntityFrameworkCore.Database.Command[20101]
      Executed DbCommand (0ms) [Parameters=[], CommandType='Text', CommandTimeout='30']
      CREATE TABLE "ef_temp_Pois" (
          "Id" integer NOT NULL CONSTRAINT "PK_Pois" PRIMARY KEY AUTOINCREMENT,
          "AudioViUrl" text NULL,
          "Category" integer NOT NULL,
          "ContentVersion" integer NOT NULL,
          "CooldownSeconds" integer NOT NULL,
          "CreatedAt" timestamp with time zone NOT NULL,
          "Description" text NOT NULL,
          "ImageUrl" text NULL,
          "IsActive" boolean NOT NULL,
          "Latitude" double precision NOT NULL,
          "Longitude" double precision NOT NULL,
          "MapX" double precision NOT NULL,
          "MapY" double precision NOT NULL,
          "Name" character varying(250) NOT NULL,
          "OwnerInfo" text NULL,
          "OwnerUserId" integer NULL,
          "Priority" integer NOT NULL,
          "QrCode" character varying(64) NULL,
          "TriggerRadiusMeters" double precision NOT NULL,
          "UpdatedAt" timestamp with time zone NOT NULL,
          CONSTRAINT "FK_Pois_AppUsers_OwnerUserId" FOREIGN KEY ("OwnerUserId") REFERENCES "AppUsers" ("Id") ON DELETE SET NULL
      );
info: Microsoft.EntityFrameworkCore.Database.Command[20101]
      Executed DbCommand (0ms) [Parameters=[], CommandType='Text', CommandTimeout='30']
      INSERT INTO "ef_temp_Pois" ("Id", "AudioViUrl", "Category", "ContentVersion", "CooldownSeconds", "CreatedAt", "Description", "ImageUrl", "IsActive", "Latitude", "Longitude", "MapX", "MapY", "Name", "OwnerInfo", "OwnerUserId", "Priority", "QrCode", "TriggerRadiusMeters", "UpdatedAt")
      SELECT "Id", "AudioViUrl", "Category", "ContentVersion", "CooldownSeconds", "CreatedAt", "Description", "ImageUrl", "IsActive", "Latitude", "Longitude", "MapX", "MapY", "Name", "OwnerInfo", "OwnerUserId", "Priority", "QrCode", "TriggerRadiusMeters", "UpdatedAt"
      FROM "Pois";
info: Microsoft.EntityFrameworkCore.Database.Command[20101]
      Executed DbCommand (0ms) [Parameters=[], CommandType='Text', CommandTimeout='30']
      PRAGMA foreign_keys = 0;
info: Microsoft.EntityFrameworkCore.Database.Command[20101]
      Executed DbCommand (1ms) [Parameters=[], CommandType='Text', CommandTimeout='30']
      DROP TABLE "AppUsers";
info: Microsoft.EntityFrameworkCore.Database.Command[20101]
      Executed DbCommand (1ms) [Parameters=[], CommandType='Text', CommandTimeout='30']
      ALTER TABLE "ef_temp_AppUsers" RENAME TO "AppUsers";
info: Microsoft.EntityFrameworkCore.Database.Command[20101]
      Executed DbCommand (0ms) [Parameters=[], CommandType='Text', CommandTimeout='30']
      DROP TABLE "Pois";
info: Microsoft.EntityFrameworkCore.Database.Command[20101]
      Executed DbCommand (1ms) [Parameters=[], CommandType='Text', CommandTimeout='30']
      ALTER TABLE "ef_temp_Pois" RENAME TO "Pois";
info: Microsoft.EntityFrameworkCore.Database.Command[20101]
      Executed DbCommand (0ms) [Parameters=[], CommandType='Text', CommandTimeout='30']
      PRAGMA foreign_keys = 1;
info: Microsoft.EntityFrameworkCore.Database.Command[20101]
      Executed DbCommand (1ms) [Parameters=[], CommandType='Text', CommandTimeout='30']
      CREATE UNIQUE INDEX "IX_AppUsers_Username" ON "AppUsers" ("Username");
info: Microsoft.EntityFrameworkCore.Database.Command[20101]
      Executed DbCommand (0ms) [Parameters=[], CommandType='Text', CommandTimeout='30']
      CREATE INDEX "IX_Pois_Category" ON "Pois" ("Category");
info: Microsoft.EntityFrameworkCore.Database.Command[20101]
      Executed DbCommand (0ms) [Parameters=[], CommandType='Text', CommandTimeout='30']
      CREATE INDEX "IX_Pois_ContentVersion" ON "Pois" ("ContentVersion");
info: Microsoft.EntityFrameworkCore.Database.Command[20101]
      Executed DbCommand (0ms) [Parameters=[], CommandType='Text', CommandTimeout='30']
      CREATE INDEX "IX_Pois_Latitude_Longitude" ON "Pois" ("Latitude", "Longitude");
info: Microsoft.EntityFrameworkCore.Database.Command[20101]
      Executed DbCommand (0ms) [Parameters=[], CommandType='Text', CommandTimeout='30']
      CREATE INDEX "IX_Pois_OwnerUserId" ON "Pois" ("OwnerUserId");
info: Microsoft.EntityFrameworkCore.Database.Command[20101]
      Executed DbCommand (0ms) [Parameters=[], CommandType='Text', CommandTimeout='30']
      CREATE UNIQUE INDEX "IX_Pois_QrCode" ON "Pois" ("QrCode") WHERE "QrCode" IS NOT NULL;
info: Microsoft.EntityFrameworkCore.Database.Command[20101]
      Executed DbCommand (5ms) [Parameters=[], CommandType='Text', CommandTimeout='30']
      INSERT INTO "__EFMigrationsHistory" ("MigrationId", "ProductVersion")
      VALUES ('20260406195317_AddOwnerIdToPoi', '10.0.5');
info: Microsoft.EntityFrameworkCore.Migrations[20402]
      Applying migration '20260410105216_ProductionHardening_20260410'.
info: Microsoft.EntityFrameworkCore.Database.Command[20101]
      Executed DbCommand (1ms) [Parameters=[], CommandType='Text', CommandTimeout='30']
      INSERT INTO "__EFMigrationsHistory" ("MigrationId", "ProductVersion")
      VALUES ('20260410105216_ProductionHardening_20260410', '10.0.5');
info: Microsoft.EntityFrameworkCore.Database.Command[20101]
      Executed DbCommand (5ms) [Parameters=[], CommandType='Text', CommandTimeout='30']
      DELETE FROM "__EFMigrationsLock";
info: Microsoft.EntityFrameworkCore.Database.Command[20101]
      Executed DbCommand (2ms) [Parameters=[], CommandType='Text', CommandTimeout='30']
      SELECT "a"."Id", "a"."CreatedAt", "a"."IsActive", "a"."PasswordHash", "a"."Role", "a"."Username"
      FROM "AppUsers" AS "a"
      WHERE "a"."Username" = 'admin'
      LIMIT 1
info: Microsoft.EntityFrameworkCore.Database.Command[20101]
      Executed DbCommand (0ms) [Parameters=[], CommandType='Text', CommandTimeout='30']
      SELECT "a"."Id", "a"."CreatedAt", "a"."IsActive", "a"."PasswordHash", "a"."Role", "a"."Username"
      FROM "AppUsers" AS "a"
      WHERE "a"."Username" = 'owner1'
      LIMIT 1
info: Microsoft.EntityFrameworkCore.Database.Command[20101]
      Executed DbCommand (4ms) [Parameters=[@p0='?' (DbType = DateTime), @p1='?' (DbType = Boolean), @p2='?' (Size = 60), @p3='?' (Size = 5), @p4='?' (Size = 6)], CommandType='Text', CommandTimeout='30']
      INSERT INTO "AppUsers" ("CreatedAt", "IsActive", "PasswordHash", "Role", "Username")
      VALUES (@p0, @p1, @p2, @p3, @p4)
      RETURNING "Id";
warn: Microsoft.AspNetCore.StaticFiles.StaticFileMiddleware[16]
      The WebRootPath was not found: C:\Users\nt\dotnetsys\VinhKhanh\src\VinhKhanh.API\bin\Debug\net10.0\wwwroot. Static files may be unavailable.
info: Microsoft.Hosting.Lifetime[14]
      Now listening on: http://localhost:5000
info: Microsoft.Hosting.Lifetime[0]
      Application started. Press Ctrl+C to shut down.
info: Microsoft.Hosting.Lifetime[0]
      Hosting environment: Production
info: Microsoft.Hosting.Lifetime[0]
      Content root path: C:\Users\nt\dotnetsys\VinhKhanh\src\VinhKhanh.API\bin\Debug\net10.0
